[2026-05-06 16:33:44] INFO: Application started
[2026-05-06 16:33:44] ERROR: Error while loading data
[2026-05-06 16:33:44] INFO: Application closed
[2026-05-06 16:51:12] INFO: Application started
[2026-05-06 16:51:12] ERROR: Error while loading data
[2026-05-06 16:51:12] INFO: Application closed
[2026-05-06 16:55:41] INFO: Application started
[2026-05-06 16:55:41] INFO: Application closed
[2026-05-06 16:59:06] INFO: Employee added
[2026-05-06 16:59:38] INFO: Salary updated
[2026-05-06 17:00:40] INFO: Task assigned
[2026-05-06 17:01:18] INFO: Task completed
[2026-05-06 17:02:29] INFO: Task assigned
[2026-05-06 17:08:47] INFO: Application started
[2026-05-06 17:08:47] INFO: Application closed
[2026-05-06 17:11:33] INFO: Application started
[2026-05-06 17:11:33] INFO: Application closed
[2026-05-06 17:12:00] INFO: Task assigned
[2026-05-06 17:13:07] INFO: Task completed
[2026-05-06 17:13:35] INFO: Data saved successfully
[2026-05-06 17:15:29] INFO: Application started
[2026-05-06 17:15:29] INFO: Data loaded successfully
[2026-05-06 17:15:29] INFO: Application closed
[2026-05-06 17:15:32] INFO: Data loaded successfully
[2026-05-06 17:18:17] INFO: Application started
[2026-05-06 17:18:17] INFO: Data loaded successfully
[2026-05-06 17:18:17] INFO: Application closed
[2026-05-06 17:18:23] INFO: Data loaded successfully
[2026-05-06 17:18:59] INFO: Task assigned
[2026-05-06 17:19:04] INFO: Data saved successfully
[2026-05-06 17:19:09] INFO: Application started
[2026-05-06 17:19:09] INFO: Data loaded successfully
[2026-05-06 17:19:09] INFO: Application closed
[2026-05-06 17:19:15] INFO: Data loaded successfully
[2026-05-06 23:12:49] INFO: Application started
[2026-05-06 23:12:49] INFO: Data loaded successfully
[2026-05-06 23:12:49] INFO: Application closed
[2026-05-06 23:13:40] INFO: Task assigned
[2026-05-06 23:14:28] INFO: Data saved successfully
[2026-05-06 23:14:47] INFO: Application started
[2026-05-06 23:14:47] INFO: Data loaded successfully
[2026-05-06 23:14:47] INFO: Application closed
[2026-05-06 23:14:51] INFO: Data loaded successfully
[2026-05-06 23:20:03] INFO: Application started
[2026-05-06 23:20:03] ERROR: Error while loading data
[2026-05-06 23:20:03] INFO: Application closed
[2026-05-06 23:21:00] INFO: Data saved successfully
[2026-05-06 23:21:07] INFO: Data loaded successfully
[2026-05-06 23:21:23] INFO: Application started
[2026-05-06 23:21:23] INFO: Data loaded successfully
[2026-05-06 23:21:23] INFO: Application closed
[2026-05-06 23:21:54] INFO: Task assigned
[2026-05-06 23:22:06] INFO: Data saved successfully
[2026-05-06 23:22:11] INFO: Application started
[2026-05-06 23:22:11] INFO: Data loaded successfully
[2026-05-06 23:22:11] INFO: Application closed
[2026-05-06 23:22:15] INFO: Data loaded successfully
[2026-05-07 00:21:12] INFO: Employee added
[2026-05-07 00:32:07] INFO: Application started
[2026-05-07 00:32:07] INFO: Data loaded successfully
[2026-05-07 00:32:07] INFO: Application closed
[2026-05-20 16:03:40] INFO: Employee added
[2026-05-20 16:03:59] INFO: Application started
[2026-05-20 16:03:59] INFO: Data loaded successfully
[2026-05-20 16:03:59] INFO: Application closed
[2026-05-20 16:04:55] INFO: Application started
[2026-05-20 16:04:56] INFO: Data loaded successfully
[2026-05-20 16:04:56] INFO: Application closed
[2026-05-26 23:27:11] INFO: Application started
[2026-05-26 23:27:11] ERROR: Error while loading data
[2026-05-26 23:27:11] INFO: Application closed
[2026-05-26 23:30:19] INFO: Application started
[2026-05-26 23:30:19] ERROR: Error while loading data
[2026-05-26 23:30:19] INFO: Application closed
[2026-05-26 23:31:15] INFO: Employee added
[2026-05-27 00:22:21] INFO: Application started
[2026-05-27 00:22:21] ERROR: Error while loading data
[2026-05-27 00:22:21] INFO: Application closed
[2026-05-27 00:28:18] INFO: Application started
[2026-05-27 00:28:18] ERROR: Error while loading data
[2026-05-27 00:28:18] INFO: Application closed
[2026-05-27 00:33:31] INFO: Application started
[2026-05-27 00:33:31] ERROR: Error while loading data
[2026-05-27 00:33:31] INFO: Application closed
[2026-05-27 00:35:45] INFO: Application started
[2026-05-27 00:35:45] ERROR: Error while loading data
[2026-05-27 00:35:45] INFO: Application closed
[2026-05-27 00:36:59] INFO: Data saved successfully
[2026-05-27 00:37:14] INFO: Application started
[2026-05-27 00:37:14] INFO: Data loaded successfully
[2026-05-27 00:37:14] INFO: Application closed
[2026-05-27 00:37:23] INFO: Data loaded successfully
[2026-05-27 13:04:20] INFO: Application started
[2026-05-27 13:04:20] INFO: Data loaded successfully
[2026-05-27 13:04:20] INFO: Application closed
[2026-05-27 13:05:59] INFO: Employee added
[2026-05-27 13:22:38] INFO: Employee added
[2026-05-27 13:35:17] INFO: Employee added
[2026-05-27 13:55:53] INFO: Employee added
[2026-05-27 13:55:53] INFO: Employee added
[2026-05-27 13:55:53] INFO: Employee added
[2026-05-27 13:57:45] INFO: Employee added
[2026-05-27 13:57:45] INFO: Employee added
[2026-05-27 13:57:45] INFO: Employee added
[2026-05-27 14:53:38] INFO: Employee added
[2026-05-27 14:53:38] INFO: Employee added
[2026-05-27 14:53:38] INFO: Employee added
[2026-05-27 14:53:45] INFO: Application started
[2026-05-27 14:53:45] INFO: Data loaded successfully
[2026-05-27 14:53:45] INFO: Application closed
[2026-05-27 14:57:08] INFO: Application started
[2026-05-27 14:57:08] INFO: Data loaded successfully
[2026-05-27 14:57:08] INFO: Application closed
[2026-05-27 14:59:49] INFO: Application started
[2026-05-27 14:59:49] INFO: Data loaded successfully
[2026-05-27 14:59:49] INFO: Application closed
[2026-05-27 15:02:50] INFO: Employee added
[2026-05-27 15:02:50] INFO: Employee added
[2026-05-27 15:02:50] INFO: Employee added
